// Jest Snapshot v1, https://goo.gl/fbAQLP

exports[`should render Header correctly 1`] = `
<header
  className="header"
>
  <div
    className="content-container"
  >
    <div
      className="header__content"
    >
      <Link
        className="header__title"
        to="/posts"
      >
        <h1>
          Blog
        </h1>
      </Link>
    </div>
  </div>
</header>
`;
