// Jest Snapshot v1, https://goo.gl/fbAQLP

exports[`should render DashboardPage correctly 1`] = `
<div>
  <Link
    className=""
    to="/posts"
  >
    <h2>
      Posts
    </h2>
  </Link>
</div>
`;
